// Jest Snapshot v1, https://goo.gl/fbAQLP

exports[`lines up with the snapshot 1`] = `
<span>
  <a
    href="#"
    onClick={[Function]}
  >
    steve
  </a>
</span>
`;
